// Jest Snapshot v1, https://goo.gl/fbAQLP

exports[`should have basic pages 1`] = `
Array [
  "docs/getting-started/index.html",
]
`;
