// Jest Snapshot v1, https://goo.gl/fbAQLP

exports[`should transform markdown as html 1`] = `
Object {
  "data": Object {
    "body": "<h2 id=\\"test\\"><a aria-hidden=\\"true\\" href=\\"#test\\"><span class=\\"icon icon-link\\"></span></a>Test</h2>
<p><a href=\\"href\\">link</a></p>
<pre><code class=\\"hljs language-js\\"><span class=\\"hljs-built_in\\">console</span>.log(<span class=\\"hljs-built_in\\">window</span>)
</code></pre>",
    "test": "a",
    "test2": "b",
  },
  "partial": Object {
    "test": "a",
    "test2": "b",
  },
}
`;
