// Jest Snapshot v1, https://goo.gl/fbAQLP

exports[`should be able to resolve dynamic urls 1`] = `
Array [
  "test/test-1",
  "test/test-2",
]
`;
