// Jest Snapshot v1, https://goo.gl/fbAQLP

exports[`log should log 1`] = `"[34mâ„¹[39m [90msender test: [39m test msg"`;

exports[`log should log 2`] = `"  [90msender test: [39m test debug"`;

exports[`log should log 3`] = `"[34mâ„¹[39m [90msender test: [39m test info"`;

exports[`log should log 4`] = `"[32mâœ”[39m [90msender test: [39m test success"`;

exports[`log should log 5`] = `"[33mâš [39m [90msender test: [39m test warning"`;

exports[`log should log 6`] = `"[31mâœ–[39m [90msender test: [39m test error"`;
