// Jest Snapshot v1, https://goo.gl/fbAQLP

exports[`should resolve URLs based on routes 1`] = `
Array [
  Object {
    "component": [Function],
    "path": "/",
  },
  Object {
    "component": [Function],
    "path": "/docs/*",
  },
  Object {
    "component": [Function],
    "path": "/*",
  },
]
`;
