// Jest Snapshot v1, https://goo.gl/fbAQLP

exports[`should build example correctly 1`] = `
".helloWorld {
  font-size: 40rem
}
"
`;
